

Loading model... 

▄▄ ▄▄
██ ██
██ ██  ▀▀█▄ ███▄███▄  ▀▀█▄    ▄████ ████▄ ████▄
██ ██ ▄█▀██ ██ ██ ██ ▄█▀██    ██    ██ ██ ██ ██
██ ██ ▀█▄██ ██ ██ ██ ▀█▄██ ██ ▀████ ████▀ ████▀
                                    ██    ██
                                    ▀▀    ▀▀

build      : b11146-7fe450e19
model      : G:/More-models/Laguna-S-2.1-UD-Q4_K_M-00001-of-00003.gguf
ftype      : Q4_K - Medium
modalities : text

available commands:
  /exit or Ctrl+C     stop or exit
  /regen              regenerate the last response
  /clear              clear the chat history
  /read <file>        add a text file
  /glob <pattern>     add text files using globbing pattern



> what is the capital of france?
The capital of France is Paris.

[ Prompt: 5.9 t/s | Generation: 3.9 t/s ]


Exiting...
